[1/124] OK   Akins HS
[2/124] OK   Allison ES
[3/124] MISS Andrews ES (7401 Glenhollow Dr, Austin, TX 78745)
[4/124] OK   Austin Achieve
[5/124] OK   Austin Achieve HS
[6/124] OK   Austin Achieve MS
[7/124] OK   Austin Achieve Pflugerville
[8/124] OK   Austin HS
[9/124] OK   Bailey MS
[10/124] OK   Barrington ES
[11/124] MISS Barron ES (13800 Barron Rd, Pflugerville, TX 78660)
[12/124] OK   Barton MS
[13/124] OK   Bastrop HS
[14/124] OK   Bastrop MS
[15/124] MISS Baty ES (13009 Harold DeWitt Rd, Del Valle, TX 78617)
[16/124] OK   Bedichek MS
[17/124] OK   Blackshear ES
[18/124] OK   Blazier ES
[19/124] OK   Brown ES
[20/124] OK   Buda ES
[21/124] OK   Burnet MS
[22/124] OK   Campbell ES
[23/124] OK   Chapa MS
[24/124] MISS Cook ES (10800 Bren Rd, Manor, TX 78653)
[25/124] OK   Covington MS
[26/124] OK   Cowan ES
[27/124] OK   Crockett ES
[28/124] OK   Crockett HS
[29/124] OK   Cunningham ES
[30/124] OK   Dailey MS
[31/124] OK   Dawson ES
[32/124] OK   Decker ES
[33/124] OK   Decker MS
[34/124] MISS Del Valle ES (8600 FM 973, Del Valle, TX 78617)
[35/124] OK   Del Valle HS
[36/124] MISS Del Valle MS (5201 FM 973, Del Valle, TX 78617)
[37/124] OK   Dobie MS
[38/124] OK   Eastside HS
[39/124] OK   Forbes MS
[40/124] MISS Four Points MS (10509 W Cave Blvd, Austin, TX 78733)
[41/124] OK   Fuentes ES
[42/124] OK   Galindo ES
[43/124] OK   Garcia YMLA MS
[44/124] OK   Gattis ES
[45/124] OK   Govalle ES
[46/124] OK   Guerrero-Thompson ES
[47/124] OK   Gullett ES
[48/124] OK   Harmony Science Academy Pflugerville
[49/124] OK   Harris ES
[50/124] OK   Hendrickson HS
[51/124] MISS Hernandez MS (2600 Peyton Gin Rd, Austin, TX 78724)
[52/124] OK   Hillcrest ES
[53/124] MISS Hornsby-Dunlap ES (7600 FM 973, Del Valle, TX 78617)
[54/124] OK   Houston ES
[55/124] OK   IDEA Bluff Springs College Preparatory
[56/124] OK   IDEA Montopolis
[57/124] OK   IDEA Pflugerville
[58/124] MISS Jordan ES (12431 Muirfield Dr, Austin, TX 78729)
[59/124] OK   Joslin ES
[60/124] OK   Kealing MS
[61/124] OK   Kocurek ES
[62/124] OK   Kyle ES
[63/124] OK   Lamar MS
[64/124] OK   Langford ES
[65/124] OK   LASA HS
[66/124] OK   LBJ HS
[67/124] MISS Lehman HS (2112 W Kohlers Crossing, Kyle, TX 78640)
[68/124] OK   Linder ES
[69/124] OK   Lively MS
[70/124] MISS Manor Early College HS (105 Decker Prairie Rd, Manor, TX 78653)
[71/124] OK   Manor HS
[72/124] OK   Manor MS
[73/124] OK   Maplewood ES
[74/124] OK   Marshall MS
[75/124] OK   Martin MS
[76/124] OK   Menchaca ES
[77/124] OK   Mendez MS
[78/124] OK   Montessori For All - Austin
[79/124] OK   Murchison MS
[80/124] OK   Navarro Early College HS
[81/124] OK   Newton-Collins ES
[82/124] OK   Norman-Sims ES
[83/124] OK   Northeast Early College HS
[84/124] OK   O. Henry MS
[85/124] OK   Oak Springs ES
[86/124] OK   Odom ES
[87/124] OK   Ojeda MS
[88/124] OK   Overton ES
[89/124] OK   Padron ES
[90/124] OK   Paredes MS
[91/124] OK   Pecan Springs ES
[92/124] OK   Perez ES
[93/124] OK   Pflugerville HS
[94/124] OK   Pickle ES
[95/124] OK   Pillow ES
[96/124] OK   Pleasant Hill ES
[97/124] MISS Presidential Meadows ES (18500 Tyler Blvd, Manor, TX 78653)
[98/124] OK   Ramage ES
[99/124] OK   River Oaks ES
[100/124] OK   Rodriguez ES
[101/124] OK   Sadler Means YWLA MS
[102/124] OK   Sanchez ES
[103/124] OK   Science Hall ES
[104/124] OK   Simon MS
[105/124] OK   Small MS
[106/124] OK   Smith ES
[107/124] OK   St. Elmo ES
[108/124] OK   Sunset Valley ES
[109/124] OK   Texas Empowerment Academy
[110/124] OK   Tom Green ES
[111/124] OK   Travis Heights ES
[112/124] OK   Travis HS
[113/124] MISS Wallace MS (3600 Stephenson Dr, Austin, TX 78749)
[114/124] OK   Walnut Creek ES
[115/124] OK   Webb MS
[116/124] MISS Weiss HS (13523 Thermal Dr, Pflugerville, TX 78660)
[117/124] OK   Westview MS
[118/124] OK   Widen ES
[119/124] OK   Williams ES (AISD)
[120/124] OK   Windermere ES
[121/124] OK   Winn ES
[122/124] OK   Wooldridge ES
[123/124] OK   Wooten ES
[124/124] OK   Zavala ES